Component: ARM Compiler 5.06 update 3 (build 300) Tool: armlink [4d35c9]

==============================================================================

Section Cross References

    countvowelsone.o(RESET) refers to countvowelsone.o(MYCODE) for Reset_Handler
    countvowelsone.o(MYCODE) refers to countvowelsone.o(RESET) for string1


==============================================================================

Image Symbol Table

    Local Symbols

    Symbol Name                              Value     Ov Type        Size  Object(Section)

    CountVowelsOne.s                         0x00000000   Number         0  countvowelsone.o ABSOLUTE
    RESET                                    0x08000000   Section       53  countvowelsone.o(RESET)
    string1                                  0x08000008   Data           0  countvowelsone.o(RESET)
    MYCODE                                   0x08000038   Section       80  countvowelsone.o(MYCODE)

    Global Symbols

    Symbol Name                              Value     Ov Type        Size  Object(Section)

    BuildAttributes$$THM_ISAv4$P$D$K$B$S$PE$A:L22UL41UL21$X:L11$S22US41US21$IEEE1$IW$USESV6$~STKCKD$USESV7$~SHL$OSPACE$EBA8$STANDARDLIB$PRES8$EABIv2 0x00000000   Number         0  anon$$obj.o ABSOLUTE
    __Vectors                                0x08000000   Data           0  countvowelsone.o(RESET)
    Reset_Handler                            0x08000039   Thumb Code     0  countvowelsone.o(MYCODE)



==============================================================================

Memory Map of the image

  Image Entry point : 0x08000039

  Load Region LR_1 (Base: 0x08000000, Size: 0x00000088, Max: 0xffffffff, ABSOLUTE)

    Execution Region ER_RO (Base: 0x08000000, Size: 0x00000088, Max: 0xffffffff, ABSOLUTE)

    Base Addr    Size         Type   Attr      Idx    E Section Name        Object

    0x08000000   0x00000035   Data   RO            1    RESET               countvowelsone.o
    0x08000035   0x00000003   PAD
    0x08000038   0x00000050   Code   RO            2  * MYCODE              countvowelsone.o


    Execution Region ER_RW (Base: 0x20000000, Size: 0x00000000, Max: 0xffffffff, ABSOLUTE)

    **** No section assigned to this execution region ****


    Execution Region ER_ZI (Base: 0x20000000, Size: 0x00000000, Max: 0xffffffff, ABSOLUTE)

    **** No section assigned to this execution region ****


==============================================================================

Image component sizes


      Code (inc. data)   RO Data    RW Data    ZI Data      Debug   Object Name

        80          6         53          0          0        288   countvowelsone.o

    ----------------------------------------------------------------------
        80          6         56          0          0        288   Object Totals
         0          0          0          0          0          0   (incl. Generated)
         0          0          3          0          0          0   (incl. Padding)

    ----------------------------------------------------------------------
         0          0          0          0          0          0   Library Totals
         0          0          0          0          0          0   (incl. Padding)

    ----------------------------------------------------------------------

==============================================================================


      Code (inc. data)   RO Data    RW Data    ZI Data      Debug   

        80          6         56          0          0        288   Grand Totals
        80          6         56          0          0        288   ELF Image Totals
        80          6         56          0          0          0   ROM Totals

==============================================================================

    Total RO  Size (Code + RO Data)                  136 (   0.13kB)
    Total RW  Size (RW Data + ZI Data)                 0 (   0.00kB)
    Total ROM Size (Code + RO Data + RW Data)        136 (   0.13kB)

==============================================================================

